<?xml version="1.0"?>
<link_info>
   <banner>MSP430 Linker PC v15.12.3.LTS</banner>
   <copyright>Copyright (c) 2003-2015 Texas Instruments Incorporated</copyright>
   <link_time>0x583d4a7c</link_time>
   <link_errors>0x0</link_errors>
   <output_file>PIR_Sensor.out</output_file>
   <entry_point>
      <name>_c_int00_noargs_noexit</name>
      <address>0xfabc</address>
   </entry_point>
   <input_file_list>
      <input_file id="fl-2">
         <path>.\</path>
         <kind>object</kind>
         <file>main.obj</file>
         <name>main.obj</name>
      </input_file>
      <input_file id="fl-1d">
         <path>C:\ti\ccsv6\tools\compiler\msp430_15.12.3.LTS\lib\</path>
         <kind>archive</kind>
         <file>rts430_eabi.lib</file>
         <name>boot.obj</name>
      </input_file>
      <input_file id="fl-1e">
         <path>C:\ti\ccsv6\tools\compiler\msp430_15.12.3.LTS\lib\</path>
         <kind>archive</kind>
         <file>rts430_eabi.lib</file>
         <name>boot_special.obj</name>
      </input_file>
      <input_file id="fl-1f">
         <path>C:\ti\ccsv6\tools\compiler\msp430_15.12.3.LTS\lib\</path>
         <kind>archive</kind>
         <file>rts430_eabi.lib</file>
         <name>copy_decompress_none.obj</name>
      </input_file>
      <input_file id="fl-20">
         <path>C:\ti\ccsv6\tools\compiler\msp430_15.12.3.LTS\lib\</path>
         <kind>archive</kind>
         <file>rts430_eabi.lib</file>
         <name>copy_decompress_rle.obj</name>
      </input_file>
      <input_file id="fl-21">
         <path>C:\ti\ccsv6\tools\compiler\msp430_15.12.3.LTS\lib\</path>
         <kind>archive</kind>
         <file>rts430_eabi.lib</file>
         <name>copy_zero_init.obj</name>
      </input_file>
      <input_file id="fl-22">
         <path>C:\ti\ccsv6\tools\compiler\msp430_15.12.3.LTS\lib\</path>
         <kind>archive</kind>
         <file>rts430_eabi.lib</file>
         <name>epilog.obj</name>
      </input_file>
      <input_file id="fl-23">
         <path>C:\ti\ccsv6\tools\compiler\msp430_15.12.3.LTS\lib\</path>
         <kind>archive</kind>
         <file>rts430_eabi.lib</file>
         <name>exit.obj</name>
      </input_file>
      <input_file id="fl-24">
         <path>C:\ti\ccsv6\tools\compiler\msp430_15.12.3.LTS\lib\</path>
         <kind>archive</kind>
         <file>rts430_eabi.lib</file>
         <name>exit_gvars.obj</name>
      </input_file>
      <input_file id="fl-25">
         <path>C:\ti\ccsv6\tools\compiler\msp430_15.12.3.LTS\lib\</path>
         <kind>archive</kind>
         <file>rts430_eabi.lib</file>
         <name>int02.obj</name>
      </input_file>
      <input_file id="fl-26">
         <path>C:\ti\ccsv6\tools\compiler\msp430_15.12.3.LTS\lib\</path>
         <kind>archive</kind>
         <file>rts430_eabi.lib</file>
         <name>int03.obj</name>
      </input_file>
      <input_file id="fl-27">
         <path>C:\ti\ccsv6\tools\compiler\msp430_15.12.3.LTS\lib\</path>
         <kind>archive</kind>
         <file>rts430_eabi.lib</file>
         <name>int04.obj</name>
      </input_file>
      <input_file id="fl-28">
         <path>C:\ti\ccsv6\tools\compiler\msp430_15.12.3.LTS\lib\</path>
         <kind>archive</kind>
         <file>rts430_eabi.lib</file>
         <name>int08.obj</name>
      </input_file>
      <input_file id="fl-29">
         <path>C:\ti\ccsv6\tools\compiler\msp430_15.12.3.LTS\lib\</path>
         <kind>archive</kind>
         <file>rts430_eabi.lib</file>
         <name>int09.obj</name>
      </input_file>
      <input_file id="fl-2a">
         <path>C:\ti\ccsv6\tools\compiler\msp430_15.12.3.LTS\lib\</path>
         <kind>archive</kind>
         <file>rts430_eabi.lib</file>
         <name>int14.obj</name>
      </input_file>
      <input_file id="fl-2b">
         <path>C:\ti\ccsv6\tools\compiler\msp430_15.12.3.LTS\lib\</path>
         <kind>archive</kind>
         <file>rts430_eabi.lib</file>
         <name>isr_trap.obj</name>
      </input_file>
      <input_file id="fl-2c">
         <path>C:\ti\ccsv6\tools\compiler\msp430_15.12.3.LTS\lib\</path>
         <kind>archive</kind>
         <file>rts430_eabi.lib</file>
         <name>memcpy.obj</name>
      </input_file>
      <input_file id="fl-2d">
         <path>C:\ti\ccsv6\tools\compiler\msp430_15.12.3.LTS\lib\</path>
         <kind>archive</kind>
         <file>rts430_eabi.lib</file>
         <name>mpu_init.obj</name>
      </input_file>
      <input_file id="fl-2e">
         <path>C:\ti\ccsv6\tools\compiler\msp430_15.12.3.LTS\lib\</path>
         <kind>archive</kind>
         <file>rts430_eabi.lib</file>
         <name>pre_init.obj</name>
      </input_file>
      <input_file id="fl-2f">
         <path>C:\ti\ccsv6\tools\compiler\msp430_15.12.3.LTS\lib\</path>
         <kind>archive</kind>
         <file>rts430_eabi.lib</file>
         <name>_lock.obj</name>
      </input_file>
      <input_file id="fl-30">
         <path>C:\ti\ccsv6\tools\compiler\msp430_15.12.3.LTS\lib\</path>
         <kind>archive</kind>
         <file>rts430_eabi.lib</file>
         <name>args_main.obj</name>
      </input_file>
      <input_file id="fl-31">
         <path>C:\ti\ccsv6\tools\compiler\msp430_15.12.3.LTS\lib\</path>
         <kind>archive</kind>
         <file>rts430_eabi.lib</file>
         <name>autoinit.obj</name>
      </input_file>
      <input_file id="fl-32">
         <path>C:\ti\ccsv6\tools\compiler\msp430_15.12.3.LTS\lib\</path>
         <kind>archive</kind>
         <file>rts430_eabi.lib</file>
         <name>cpy_tbl.obj</name>
      </input_file>
      <input_file id="fl-33">
         <path>C:\ti\ccsv6\tools\compiler\msp430_15.12.3.LTS\lib\</path>
         <kind>archive</kind>
         <file>rts430_eabi.lib</file>
         <name>mult16.obj</name>
      </input_file>
      <input_file id="fl-34">
         <path>C:\ti\ccsv6\tools\compiler\msp430_15.12.3.LTS\lib\</path>
         <kind>archive</kind>
         <file>rts430_eabi.lib</file>
         <name>startup.obj</name>
      </input_file>
   </input_file_list>
   <object_component_list>
      <object_component id="oc-146">
         <name>.data</name>
         <load_address>0x200</load_address>
         <run_address>0x200</run_address>
         <size>0xb</size>
         <input_file_ref idref="fl-2"/>
      </object_component>
      <object_component id="oc-be">
         <name>.stack</name>
         <uninitialized>true</uninitialized>
         <run_address>0x24c</run_address>
         <size>0x2</size>
         <input_file_ref idref="fl-1d"/>
      </object_component>
      <object_component id="oc-1ec">
         <name>.stack</name>
         <uninitialized>true</uninitialized>
         <run_address>0x24c</run_address>
         <size>0x0</size>
      </object_component>
      <object_component id="oc-e1">
         <name>.text:SD16ISR</name>
         <load_address>0xf800</load_address>
         <run_address>0xf800</run_address>
         <size>0x9a</size>
         <input_file_ref idref="fl-2"/>
      </object_component>
      <object_component id="oc-114">
         <name>.text:main</name>
         <load_address>0xf89a</load_address>
         <run_address>0xf89a</run_address>
         <size>0x90</size>
         <input_file_ref idref="fl-2"/>
      </object_component>
      <object_component id="oc-fa">
         <name>.text:_auto_init</name>
         <load_address>0xf92a</load_address>
         <run_address>0xf92a</run_address>
         <size>0x6e</size>
         <input_file_ref idref="fl-31"/>
      </object_component>
      <object_component id="oc-e7">
         <name>.text:watchdog_timer</name>
         <load_address>0xf998</load_address>
         <run_address>0xf998</run_address>
         <size>0x66</size>
         <input_file_ref idref="fl-2"/>
      </object_component>
      <object_component id="oc-cf">
         <name>.text:__TI_decompress_rle_core</name>
         <load_address>0xf9fe</load_address>
         <run_address>0xf9fe</run_address>
         <size>0x64</size>
         <input_file_ref idref="fl-20"/>
      </object_component>
      <object_component id="oc-14e">
         <name>.text:copy_in</name>
         <load_address>0xfa62</load_address>
         <run_address>0xfa62</run_address>
         <size>0x5a</size>
         <input_file_ref idref="fl-32"/>
      </object_component>
      <object_component id="oc-60">
         <name>.text:_c_int00_noargs_noexit</name>
         <load_address>0xfabc</load_address>
         <run_address>0xfabc</run_address>
         <size>0x1a</size>
         <input_file_ref idref="fl-1e"/>
      </object_component>
      <object_component id="oc-177">
         <name>.text</name>
         <load_address>0xfad6</load_address>
         <run_address>0xfad6</run_address>
         <size>0x14</size>
         <input_file_ref idref="fl-33"/>
      </object_component>
      <object_component id="oc-2e">
         <name>.text:decompress:none:__TI_decompress_none</name>
         <load_address>0xfaea</load_address>
         <run_address>0xfaea</run_address>
         <size>0x12</size>
         <input_file_ref idref="fl-1f"/>
      </object_component>
      <object_component id="oc-c2">
         <name>.text:memcpy</name>
         <load_address>0xfafc</load_address>
         <run_address>0xfafc</run_address>
         <size>0x12</size>
         <input_file_ref idref="fl-2c"/>
      </object_component>
      <object_component id="oc-13d">
         <name>.text</name>
         <load_address>0xfb0e</load_address>
         <run_address>0xfb0e</run_address>
         <size>0x10</size>
         <input_file_ref idref="fl-22"/>
      </object_component>
      <object_component id="oc-dc">
         <name>.text:_isr:__TI_ISR_TRAP</name>
         <load_address>0xfb1e</load_address>
         <run_address>0xfb1e</run_address>
         <size>0x8</size>
         <input_file_ref idref="fl-2b"/>
      </object_component>
      <object_component id="oc-11c">
         <name>.text:abort</name>
         <load_address>0xfb26</load_address>
         <run_address>0xfb26</run_address>
         <size>0x6</size>
         <input_file_ref idref="fl-23"/>
      </object_component>
      <object_component id="oc-34">
         <name>.text:decompress:rle24:__TI_decompress_rle24</name>
         <load_address>0xfb2c</load_address>
         <run_address>0xfb2c</run_address>
         <size>0x6</size>
         <input_file_ref idref="fl-20"/>
      </object_component>
      <object_component id="oc-f4">
         <name>.text:_system_pre_init</name>
         <load_address>0xfb32</load_address>
         <run_address>0xfb32</run_address>
         <size>0x4</size>
         <input_file_ref idref="fl-2e"/>
      </object_component>
      <object_component id="oc-154">
         <name>.text:_system_post_cinit</name>
         <load_address>0xfb36</load_address>
         <run_address>0xfb36</run_address>
         <size>0x2</size>
         <input_file_ref idref="fl-34"/>
      </object_component>
      <object_component id="oc-1eb">
         <name>.cinit..data.load</name>
         <load_address>0xfb38</load_address>
         <run_address>0xfb38</run_address>
         <size>0xa</size>
      </object_component>
      <object_component id="oc-1e9">
         <name>__TI_handler_table</name>
         <load_address>0xfb42</load_address>
         <run_address>0xfb42</run_address>
         <size>0x4</size>
      </object_component>
      <object_component id="oc-1ea">
         <name>__TI_cinit_table</name>
         <load_address>0xfb46</load_address>
         <run_address>0xfb46</run_address>
         <size>0x4</size>
      </object_component>
      <object_component id="oc-1b4">
         <name>.binit</name>
         <load_address>0xf800</load_address>
         <run_address>0xf800</run_address>
         <size>0x0</size>
      </object_component>
      <object_component id="oc-3a">
         <name>.int02</name>
         <load_address>0xffe4</load_address>
         <run_address>0xffe4</run_address>
         <size>0x2</size>
         <input_file_ref idref="fl-25"/>
      </object_component>
      <object_component id="oc-3b">
         <name>.int03</name>
         <load_address>0xffe6</load_address>
         <run_address>0xffe6</run_address>
         <size>0x2</size>
         <input_file_ref idref="fl-26"/>
      </object_component>
      <object_component id="oc-3c">
         <name>.int04</name>
         <load_address>0xffe8</load_address>
         <run_address>0xffe8</run_address>
         <size>0x2</size>
         <input_file_ref idref="fl-27"/>
      </object_component>
      <object_component id="oc-3d">
         <name>.int05</name>
         <load_address>0xffea</load_address>
         <run_address>0xffea</run_address>
         <size>0x2</size>
         <input_file_ref idref="fl-2"/>
      </object_component>
      <object_component id="oc-3e">
         <name>.int08</name>
         <load_address>0xfff0</load_address>
         <run_address>0xfff0</run_address>
         <size>0x2</size>
         <input_file_ref idref="fl-28"/>
      </object_component>
      <object_component id="oc-3f">
         <name>.int09</name>
         <load_address>0xfff2</load_address>
         <run_address>0xfff2</run_address>
         <size>0x2</size>
         <input_file_ref idref="fl-29"/>
      </object_component>
      <object_component id="oc-40">
         <name>.int10</name>
         <load_address>0xfff4</load_address>
         <run_address>0xfff4</run_address>
         <size>0x2</size>
         <input_file_ref idref="fl-2"/>
      </object_component>
      <object_component id="oc-41">
         <name>.int14</name>
         <load_address>0xfffc</load_address>
         <run_address>0xfffc</run_address>
         <size>0x2</size>
         <input_file_ref idref="fl-2a"/>
      </object_component>
      <object_component id="oc-c1">
         <name>.reset</name>
         <load_address>0xfffe</load_address>
         <run_address>0xfffe</run_address>
         <size>0x2</size>
         <input_file_ref idref="fl-1d"/>
      </object_component>
      <object_component id="oc-147">
         <name>.debug_info</name>
         <load_address>0x0</load_address>
         <run_address>0x0</run_address>
         <size>0x16a</size>
         <input_file_ref idref="fl-2"/>
      </object_component>
      <object_component id="oc-115">
         <name>.debug_info</name>
         <load_address>0x16a</load_address>
         <run_address>0x16a</run_address>
         <size>0xf8</size>
         <input_file_ref idref="fl-2"/>
      </object_component>
      <object_component id="oc-e2">
         <name>.debug_info</name>
         <load_address>0x262</load_address>
         <run_address>0x262</run_address>
         <size>0x11c</size>
         <input_file_ref idref="fl-2"/>
      </object_component>
      <object_component id="oc-e8">
         <name>.debug_info</name>
         <load_address>0x37e</load_address>
         <run_address>0x37e</run_address>
         <size>0x10d</size>
         <input_file_ref idref="fl-2"/>
      </object_component>
      <object_component id="oc-12a">
         <name>.debug_info</name>
         <load_address>0x48b</load_address>
         <run_address>0x48b</run_address>
         <size>0x84</size>
         <input_file_ref idref="fl-2"/>
      </object_component>
      <object_component id="oc-bf">
         <name>.debug_info</name>
         <load_address>0x50f</load_address>
         <run_address>0x50f</run_address>
         <size>0xf6</size>
         <input_file_ref idref="fl-1d"/>
      </object_component>
      <object_component id="oc-61">
         <name>.debug_info</name>
         <load_address>0x605</load_address>
         <run_address>0x605</run_address>
         <size>0x197</size>
         <input_file_ref idref="fl-1e"/>
      </object_component>
      <object_component id="oc-ce">
         <name>.debug_info</name>
         <load_address>0x79c</load_address>
         <run_address>0x79c</run_address>
         <size>0x1b3</size>
         <input_file_ref idref="fl-1f"/>
      </object_component>
      <object_component id="oc-30">
         <name>.debug_info</name>
         <load_address>0x94f</load_address>
         <run_address>0x94f</run_address>
         <size>0x1e0</size>
         <input_file_ref idref="fl-1f"/>
      </object_component>
      <object_component id="oc-c9">
         <name>.debug_info</name>
         <load_address>0xb2f</load_address>
         <run_address>0xb2f</run_address>
         <size>0x46</size>
         <input_file_ref idref="fl-1f"/>
      </object_component>
      <object_component id="oc-136">
         <name>.debug_info</name>
         <load_address>0xb75</load_address>
         <run_address>0xb75</run_address>
         <size>0x2c</size>
         <input_file_ref idref="fl-1f"/>
      </object_component>
      <object_component id="oc-d6">
         <name>.debug_info</name>
         <load_address>0xba1</load_address>
         <run_address>0xba1</run_address>
         <size>0x175</size>
         <input_file_ref idref="fl-20"/>
      </object_component>
      <object_component id="oc-d0">
         <name>.debug_info</name>
         <load_address>0xd16</load_address>
         <run_address>0xd16</run_address>
         <size>0x23b</size>
         <input_file_ref idref="fl-20"/>
      </object_component>
      <object_component id="oc-35">
         <name>.debug_info</name>
         <load_address>0xf51</load_address>
         <run_address>0xf51</run_address>
         <size>0x1b2</size>
         <input_file_ref idref="fl-20"/>
      </object_component>
      <object_component id="oc-d7">
         <name>.debug_info</name>
         <load_address>0x1103</load_address>
         <run_address>0x1103</run_address>
         <size>0x39</size>
         <input_file_ref idref="fl-20"/>
      </object_component>
      <object_component id="oc-131">
         <name>.debug_info</name>
         <load_address>0x113c</load_address>
         <run_address>0x113c</run_address>
         <size>0x2c</size>
         <input_file_ref idref="fl-21"/>
      </object_component>
      <object_component id="oc-140">
         <name>.debug_info</name>
         <load_address>0x1168</load_address>
         <run_address>0x1168</run_address>
         <size>0x127</size>
         <input_file_ref idref="fl-22"/>
      </object_component>
      <object_component id="oc-11e">
         <name>.debug_info</name>
         <load_address>0x128f</load_address>
         <run_address>0x128f</run_address>
         <size>0x118</size>
         <input_file_ref idref="fl-23"/>
      </object_component>
      <object_component id="oc-dd">
         <name>.debug_info</name>
         <load_address>0x13a7</load_address>
         <run_address>0x13a7</run_address>
         <size>0x108</size>
         <input_file_ref idref="fl-2b"/>
      </object_component>
      <object_component id="oc-130">
         <name>.debug_info</name>
         <load_address>0x14af</load_address>
         <run_address>0x14af</run_address>
         <size>0x16e</size>
         <input_file_ref idref="fl-2c"/>
      </object_component>
      <object_component id="oc-c5">
         <name>.debug_info</name>
         <load_address>0x161d</load_address>
         <run_address>0x161d</run_address>
         <size>0x192</size>
         <input_file_ref idref="fl-2c"/>
      </object_component>
      <object_component id="oc-f5">
         <name>.debug_info</name>
         <load_address>0x17af</load_address>
         <run_address>0x17af</run_address>
         <size>0x149</size>
         <input_file_ref idref="fl-2e"/>
      </object_component>
      <object_component id="oc-15b">
         <name>.debug_info</name>
         <load_address>0x18f8</load_address>
         <run_address>0x18f8</run_address>
         <size>0x3b7</size>
         <input_file_ref idref="fl-31"/>
      </object_component>
      <object_component id="oc-fc">
         <name>.debug_info</name>
         <load_address>0x1caf</load_address>
         <run_address>0x1caf</run_address>
         <size>0x1c3</size>
         <input_file_ref idref="fl-31"/>
      </object_component>
      <object_component id="oc-181">
         <name>.debug_info</name>
         <load_address>0x1e72</load_address>
         <run_address>0x1e72</run_address>
         <size>0x39</size>
         <input_file_ref idref="fl-31"/>
      </object_component>
      <object_component id="oc-186">
         <name>.debug_info</name>
         <load_address>0x1eab</load_address>
         <run_address>0x1eab</run_address>
         <size>0xcd</size>
         <input_file_ref idref="fl-31"/>
      </object_component>
      <object_component id="oc-17d">
         <name>.debug_info</name>
         <load_address>0x1f78</load_address>
         <run_address>0x1f78</run_address>
         <size>0x253</size>
         <input_file_ref idref="fl-32"/>
      </object_component>
      <object_component id="oc-14f">
         <name>.debug_info</name>
         <load_address>0x21cb</load_address>
         <run_address>0x21cb</run_address>
         <size>0x1b1</size>
         <input_file_ref idref="fl-32"/>
      </object_component>
      <object_component id="oc-1a9">
         <name>.debug_info</name>
         <load_address>0x237c</load_address>
         <run_address>0x237c</run_address>
         <size>0x2c</size>
         <input_file_ref idref="fl-32"/>
      </object_component>
      <object_component id="oc-178">
         <name>.debug_info</name>
         <load_address>0x23a8</load_address>
         <run_address>0x23a8</run_address>
         <size>0x11a</size>
         <input_file_ref idref="fl-33"/>
      </object_component>
      <object_component id="oc-157">
         <name>.debug_info</name>
         <load_address>0x24c2</load_address>
         <run_address>0x24c2</run_address>
         <size>0x146</size>
         <input_file_ref idref="fl-34"/>
      </object_component>
      <object_component id="oc-1ed">
         <name>.debug_info</name>
         <load_address>0x2608</load_address>
         <run_address>0x2608</run_address>
         <size>0xa8</size>
      </object_component>
      <object_component id="oc-176">
         <name>.debug_line</name>
         <load_address>0x0</load_address>
         <run_address>0x0</run_address>
         <size>0x2d</size>
         <input_file_ref idref="fl-2"/>
      </object_component>
      <object_component id="oc-119">
         <name>.debug_line</name>
         <load_address>0x2d</load_address>
         <run_address>0x2d</run_address>
         <size>0x60</size>
         <input_file_ref idref="fl-2"/>
      </object_component>
      <object_component id="oc-e5">
         <name>.debug_line</name>
         <load_address>0x8d</load_address>
         <run_address>0x8d</run_address>
         <size>0x75</size>
         <input_file_ref idref="fl-2"/>
      </object_component>
      <object_component id="oc-ec">
         <name>.debug_line</name>
         <load_address>0x102</load_address>
         <run_address>0x102</run_address>
         <size>0x60</size>
         <input_file_ref idref="fl-2"/>
      </object_component>
      <object_component id="oc-12d">
         <name>.debug_line</name>
         <load_address>0x162</load_address>
         <run_address>0x162</run_address>
         <size>0x20</size>
         <input_file_ref idref="fl-2"/>
      </object_component>
      <object_component id="oc-129">
         <name>.debug_line</name>
         <load_address>0x182</load_address>
         <run_address>0x182</run_address>
         <size>0x2a</size>
         <input_file_ref idref="fl-1d"/>
      </object_component>
      <object_component id="oc-64">
         <name>.debug_line</name>
         <load_address>0x1ac</load_address>
         <run_address>0x1ac</run_address>
         <size>0x4c</size>
         <input_file_ref idref="fl-1e"/>
      </object_component>
      <object_component id="oc-13c">
         <name>.debug_line</name>
         <load_address>0x1f8</load_address>
         <run_address>0x1f8</run_address>
         <size>0x8a</size>
         <input_file_ref idref="fl-1f"/>
      </object_component>
      <object_component id="oc-33">
         <name>.debug_line</name>
         <load_address>0x282</load_address>
         <run_address>0x282</run_address>
         <size>0x50</size>
         <input_file_ref idref="fl-1f"/>
      </object_component>
      <object_component id="oc-cc">
         <name>.debug_line</name>
         <load_address>0x2d2</load_address>
         <run_address>0x2d2</run_address>
         <size>0x3a</size>
         <input_file_ref idref="fl-1f"/>
      </object_component>
      <object_component id="oc-139">
         <name>.debug_line</name>
         <load_address>0x30c</load_address>
         <run_address>0x30c</run_address>
         <size>0x8a</size>
         <input_file_ref idref="fl-1f"/>
      </object_component>
      <object_component id="oc-144">
         <name>.debug_line</name>
         <load_address>0x396</load_address>
         <run_address>0x396</run_address>
         <size>0x20</size>
         <input_file_ref idref="fl-20"/>
      </object_component>
      <object_component id="oc-d3">
         <name>.debug_line</name>
         <load_address>0x3b6</load_address>
         <run_address>0x3b6</run_address>
         <size>0x87</size>
         <input_file_ref idref="fl-20"/>
      </object_component>
      <object_component id="oc-38">
         <name>.debug_line</name>
         <load_address>0x43d</load_address>
         <run_address>0x43d</run_address>
         <size>0x49</size>
         <input_file_ref idref="fl-20"/>
      </object_component>
      <object_component id="oc-da">
         <name>.debug_line</name>
         <load_address>0x486</load_address>
         <run_address>0x486</run_address>
         <size>0x39</size>
         <input_file_ref idref="fl-20"/>
      </object_component>
      <object_component id="oc-134">
         <name>.debug_line</name>
         <load_address>0x4bf</load_address>
         <run_address>0x4bf</run_address>
         <size>0x8a</size>
         <input_file_ref idref="fl-21"/>
      </object_component>
      <object_component id="oc-13e">
         <name>.debug_line</name>
         <load_address>0x549</load_address>
         <run_address>0x549</run_address>
         <size>0x40</size>
         <input_file_ref idref="fl-22"/>
      </object_component>
      <object_component id="oc-11d">
         <name>.debug_line</name>
         <load_address>0x589</load_address>
         <run_address>0x589</run_address>
         <size>0x3d</size>
         <input_file_ref idref="fl-23"/>
      </object_component>
      <object_component id="oc-e0">
         <name>.debug_line</name>
         <load_address>0x5c6</load_address>
         <run_address>0x5c6</run_address>
         <size>0x3d</size>
         <input_file_ref idref="fl-2b"/>
      </object_component>
      <object_component id="oc-173">
         <name>.debug_line</name>
         <load_address>0x603</load_address>
         <run_address>0x603</run_address>
         <size>0x20</size>
         <input_file_ref idref="fl-2c"/>
      </object_component>
      <object_component id="oc-c3">
         <name>.debug_line</name>
         <load_address>0x623</load_address>
         <run_address>0x623</run_address>
         <size>0x45</size>
         <input_file_ref idref="fl-2c"/>
      </object_component>
      <object_component id="oc-f8">
         <name>.debug_line</name>
         <load_address>0x668</load_address>
         <run_address>0x668</run_address>
         <size>0x3e</size>
         <input_file_ref idref="fl-2e"/>
      </object_component>
      <object_component id="oc-180">
         <name>.debug_line</name>
         <load_address>0x6a6</load_address>
         <run_address>0x6a6</run_address>
         <size>0xa9</size>
         <input_file_ref idref="fl-31"/>
      </object_component>
      <object_component id="oc-fb">
         <name>.debug_line</name>
         <load_address>0x74f</load_address>
         <run_address>0x74f</run_address>
         <size>0x91</size>
         <input_file_ref idref="fl-31"/>
      </object_component>
      <object_component id="oc-184">
         <name>.debug_line</name>
         <load_address>0x7e0</load_address>
         <run_address>0x7e0</run_address>
         <size>0x2e</size>
         <input_file_ref idref="fl-31"/>
      </object_component>
      <object_component id="oc-189">
         <name>.debug_line</name>
         <load_address>0x80e</load_address>
         <run_address>0x80e</run_address>
         <size>0x8b</size>
         <input_file_ref idref="fl-31"/>
      </object_component>
      <object_component id="oc-1a8">
         <name>.debug_line</name>
         <load_address>0x899</load_address>
         <run_address>0x899</run_address>
         <size>0x98</size>
         <input_file_ref idref="fl-32"/>
      </object_component>
      <object_component id="oc-153">
         <name>.debug_line</name>
         <load_address>0x931</load_address>
         <run_address>0x931</run_address>
         <size>0x5f</size>
         <input_file_ref idref="fl-32"/>
      </object_component>
      <object_component id="oc-1ac">
         <name>.debug_line</name>
         <load_address>0x990</load_address>
         <run_address>0x990</run_address>
         <size>0x2e</size>
         <input_file_ref idref="fl-32"/>
      </object_component>
      <object_component id="oc-17b">
         <name>.debug_line</name>
         <load_address>0x9be</load_address>
         <run_address>0x9be</run_address>
         <size>0x42</size>
         <input_file_ref idref="fl-33"/>
      </object_component>
      <object_component id="oc-155">
         <name>.debug_line</name>
         <load_address>0xa00</load_address>
         <run_address>0xa00</run_address>
         <size>0x3a</size>
         <input_file_ref idref="fl-34"/>
      </object_component>
      <object_component id="oc-118">
         <name>.debug_frame</name>
         <load_address>0x0</load_address>
         <run_address>0x0</run_address>
         <size>0x48</size>
         <input_file_ref idref="fl-2"/>
      </object_component>
      <object_component id="oc-e6">
         <name>.debug_frame</name>
         <load_address>0x48</load_address>
         <run_address>0x48</run_address>
         <size>0x51</size>
         <input_file_ref idref="fl-2"/>
      </object_component>
      <object_component id="oc-eb">
         <name>.debug_frame</name>
         <load_address>0x99</load_address>
         <run_address>0x99</run_address>
         <size>0x50</size>
         <input_file_ref idref="fl-2"/>
      </object_component>
      <object_component id="oc-65">
         <name>.debug_frame</name>
         <load_address>0xe9</load_address>
         <run_address>0xe9</run_address>
         <size>0x42</size>
         <input_file_ref idref="fl-1e"/>
      </object_component>
      <object_component id="oc-2f">
         <name>.debug_frame</name>
         <load_address>0x12b</load_address>
         <run_address>0x12b</run_address>
         <size>0x47</size>
         <input_file_ref idref="fl-1f"/>
      </object_component>
      <object_component id="oc-d4">
         <name>.debug_frame</name>
         <load_address>0x172</load_address>
         <run_address>0x172</run_address>
         <size>0x51</size>
         <input_file_ref idref="fl-20"/>
      </object_component>
      <object_component id="oc-39">
         <name>.debug_frame</name>
         <load_address>0x1c3</load_address>
         <run_address>0x1c3</run_address>
         <size>0x47</size>
         <input_file_ref idref="fl-20"/>
      </object_component>
      <object_component id="oc-121">
         <name>.debug_frame</name>
         <load_address>0x20a</load_address>
         <run_address>0x20a</run_address>
         <size>0x47</size>
         <input_file_ref idref="fl-23"/>
      </object_component>
      <object_component id="oc-c4">
         <name>.debug_frame</name>
         <load_address>0x251</load_address>
         <run_address>0x251</run_address>
         <size>0x47</size>
         <input_file_ref idref="fl-2c"/>
      </object_component>
      <object_component id="oc-f9">
         <name>.debug_frame</name>
         <load_address>0x298</load_address>
         <run_address>0x298</run_address>
         <size>0x47</size>
         <input_file_ref idref="fl-2e"/>
      </object_component>
      <object_component id="oc-ff">
         <name>.debug_frame</name>
         <load_address>0x2df</load_address>
         <run_address>0x2df</run_address>
         <size>0x51</size>
         <input_file_ref idref="fl-31"/>
      </object_component>
      <object_component id="oc-152">
         <name>.debug_frame</name>
         <load_address>0x330</load_address>
         <run_address>0x330</run_address>
         <size>0x51</size>
         <input_file_ref idref="fl-32"/>
      </object_component>
      <object_component id="oc-156">
         <name>.debug_frame</name>
         <load_address>0x381</load_address>
         <run_address>0x381</run_address>
         <size>0x47</size>
         <input_file_ref idref="fl-34"/>
      </object_component>
      <object_component id="oc-175">
         <name>.debug_abbrev</name>
         <load_address>0x0</load_address>
         <run_address>0x0</run_address>
         <size>0x3d</size>
         <input_file_ref idref="fl-2"/>
      </object_component>
      <object_component id="oc-170">
         <name>.debug_abbrev</name>
         <load_address>0x3d</load_address>
         <run_address>0x3d</run_address>
         <size>0x50</size>
         <input_file_ref idref="fl-2"/>
      </object_component>
      <object_component id="oc-149">
         <name>.debug_abbrev</name>
         <load_address>0x8d</load_address>
         <run_address>0x8d</run_address>
         <size>0x61</size>
         <input_file_ref idref="fl-2"/>
      </object_component>
      <object_component id="oc-14a">
         <name>.debug_abbrev</name>
         <load_address>0xee</load_address>
         <run_address>0xee</run_address>
         <size>0x53</size>
         <input_file_ref idref="fl-2"/>
      </object_component>
      <object_component id="oc-12c">
         <name>.debug_abbrev</name>
         <load_address>0x141</load_address>
         <run_address>0x141</run_address>
         <size>0x1f</size>
         <input_file_ref idref="fl-2"/>
      </object_component>
      <object_component id="oc-128">
         <name>.debug_abbrev</name>
         <load_address>0x160</load_address>
         <run_address>0x160</run_address>
         <size>0x29</size>
         <input_file_ref idref="fl-1d"/>
      </object_component>
      <object_component id="oc-122">
         <name>.debug_abbrev</name>
         <load_address>0x189</load_address>
         <run_address>0x189</run_address>
         <size>0x58</size>
         <input_file_ref idref="fl-1e"/>
      </object_component>
      <object_component id="oc-13b">
         <name>.debug_abbrev</name>
         <load_address>0x1e1</load_address>
         <run_address>0x1e1</run_address>
         <size>0x5d</size>
         <input_file_ref idref="fl-1f"/>
      </object_component>
      <object_component id="oc-c8">
         <name>.debug_abbrev</name>
         <load_address>0x23e</load_address>
         <run_address>0x23e</run_address>
         <size>0x74</size>
         <input_file_ref idref="fl-1f"/>
      </object_component>
      <object_component id="oc-cb">
         <name>.debug_abbrev</name>
         <load_address>0x2b2</load_address>
         <run_address>0x2b2</run_address>
         <size>0x24</size>
         <input_file_ref idref="fl-1f"/>
      </object_component>
      <object_component id="oc-138">
         <name>.debug_abbrev</name>
         <load_address>0x2d6</load_address>
         <run_address>0x2d6</run_address>
         <size>0x24</size>
         <input_file_ref idref="fl-1f"/>
      </object_component>
      <object_component id="oc-143">
         <name>.debug_abbrev</name>
         <load_address>0x2fa</load_address>
         <run_address>0x2fa</run_address>
         <size>0x37</size>
         <input_file_ref idref="fl-20"/>
      </object_component>
      <object_component id="oc-142">
         <name>.debug_abbrev</name>
         <load_address>0x331</load_address>
         <run_address>0x331</run_address>
         <size>0x6d</size>
         <input_file_ref idref="fl-20"/>
      </object_component>
      <object_component id="oc-d5">
         <name>.debug_abbrev</name>
         <load_address>0x39e</load_address>
         <run_address>0x39e</run_address>
         <size>0x66</size>
         <input_file_ref idref="fl-20"/>
      </object_component>
      <object_component id="oc-d9">
         <name>.debug_abbrev</name>
         <load_address>0x404</load_address>
         <run_address>0x404</run_address>
         <size>0x24</size>
         <input_file_ref idref="fl-20"/>
      </object_component>
      <object_component id="oc-133">
         <name>.debug_abbrev</name>
         <load_address>0x428</load_address>
         <run_address>0x428</run_address>
         <size>0x24</size>
         <input_file_ref idref="fl-21"/>
      </object_component>
      <object_component id="oc-174">
         <name>.debug_abbrev</name>
         <load_address>0x44c</load_address>
         <run_address>0x44c</run_address>
         <size>0x3a</size>
         <input_file_ref idref="fl-22"/>
      </object_component>
      <object_component id="oc-171">
         <name>.debug_abbrev</name>
         <load_address>0x486</load_address>
         <run_address>0x486</run_address>
         <size>0x45</size>
         <input_file_ref idref="fl-23"/>
      </object_component>
      <object_component id="oc-145">
         <name>.debug_abbrev</name>
         <load_address>0x4cb</load_address>
         <run_address>0x4cb</run_address>
         <size>0x28</size>
         <input_file_ref idref="fl-2b"/>
      </object_component>
      <object_component id="oc-172">
         <name>.debug_abbrev</name>
         <load_address>0x4f3</load_address>
         <run_address>0x4f3</run_address>
         <size>0x3e</size>
         <input_file_ref idref="fl-2c"/>
      </object_component>
      <object_component id="oc-12f">
         <name>.debug_abbrev</name>
         <load_address>0x531</load_address>
         <run_address>0x531</run_address>
         <size>0x71</size>
         <input_file_ref idref="fl-2c"/>
      </object_component>
      <object_component id="oc-14d">
         <name>.debug_abbrev</name>
         <load_address>0x5a2</load_address>
         <run_address>0x5a2</run_address>
         <size>0x55</size>
         <input_file_ref idref="fl-2e"/>
      </object_component>
      <object_component id="oc-17f">
         <name>.debug_abbrev</name>
         <load_address>0x5f7</load_address>
         <run_address>0x5f7</run_address>
         <size>0xb9</size>
         <input_file_ref idref="fl-31"/>
      </object_component>
      <object_component id="oc-15a">
         <name>.debug_abbrev</name>
         <load_address>0x6b0</load_address>
         <run_address>0x6b0</run_address>
         <size>0x7e</size>
         <input_file_ref idref="fl-31"/>
      </object_component>
      <object_component id="oc-183">
         <name>.debug_abbrev</name>
         <load_address>0x72e</load_address>
         <run_address>0x72e</run_address>
         <size>0x24</size>
         <input_file_ref idref="fl-31"/>
      </object_component>
      <object_component id="oc-188">
         <name>.debug_abbrev</name>
         <load_address>0x752</load_address>
         <run_address>0x752</run_address>
         <size>0x4b</size>
         <input_file_ref idref="fl-31"/>
      </object_component>
      <object_component id="oc-1a7">
         <name>.debug_abbrev</name>
         <load_address>0x79d</load_address>
         <run_address>0x79d</run_address>
         <size>0xa7</size>
         <input_file_ref idref="fl-32"/>
      </object_component>
      <object_component id="oc-17c">
         <name>.debug_abbrev</name>
         <load_address>0x844</load_address>
         <run_address>0x844</run_address>
         <size>0x8c</size>
         <input_file_ref idref="fl-32"/>
      </object_component>
      <object_component id="oc-1ab">
         <name>.debug_abbrev</name>
         <load_address>0x8d0</load_address>
         <run_address>0x8d0</run_address>
         <size>0x24</size>
         <input_file_ref idref="fl-32"/>
      </object_component>
      <object_component id="oc-1a6">
         <name>.debug_abbrev</name>
         <load_address>0x8f4</load_address>
         <run_address>0x8f4</run_address>
         <size>0x3c</size>
         <input_file_ref idref="fl-33"/>
      </object_component>
      <object_component id="oc-17e">
         <name>.debug_abbrev</name>
         <load_address>0x930</load_address>
         <run_address>0x930</run_address>
         <size>0x53</size>
         <input_file_ref idref="fl-34"/>
      </object_component>
      <object_component id="oc-1ee">
         <name>.debug_abbrev</name>
         <load_address>0x983</load_address>
         <run_address>0x983</run_address>
         <size>0xf</size>
      </object_component>
      <object_component id="oc-12e">
         <name>.debug_str</name>
         <load_address>0x0</load_address>
         <run_address>0x0</run_address>
         <size>0xfb</size>
         <input_file_ref idref="fl-2"/>
      </object_component>
      <object_component id="oc-cd">
         <name>.debug_str</name>
         <load_address>0xfb</load_address>
         <run_address>0xfb</run_address>
         <size>0x101</size>
         <input_file_ref idref="fl-1f"/>
      </object_component>
      <object_component id="oc-13a">
         <name>.debug_str</name>
         <load_address>0x1fc</load_address>
         <run_address>0x1fc</run_address>
         <size>0x12e</size>
         <input_file_ref idref="fl-1f"/>
      </object_component>
      <object_component id="oc-db">
         <name>.debug_str</name>
         <load_address>0x32a</load_address>
         <run_address>0x32a</run_address>
         <size>0xf3</size>
         <input_file_ref idref="fl-20"/>
      </object_component>
      <object_component id="oc-135">
         <name>.debug_str</name>
         <load_address>0x41d</load_address>
         <run_address>0x41d</run_address>
         <size>0x12e</size>
         <input_file_ref idref="fl-21"/>
      </object_component>
      <object_component id="oc-185">
         <name>.debug_str</name>
         <load_address>0x54b</load_address>
         <run_address>0x54b</run_address>
         <size>0xe3</size>
         <input_file_ref idref="fl-31"/>
      </object_component>
      <object_component id="oc-18a">
         <name>.debug_str</name>
         <load_address>0x62e</load_address>
         <run_address>0x62e</run_address>
         <size>0x185</size>
         <input_file_ref idref="fl-31"/>
      </object_component>
      <object_component id="oc-1ad">
         <name>.debug_str</name>
         <load_address>0x7b3</load_address>
         <run_address>0x7b3</run_address>
         <size>0xd8</size>
         <input_file_ref idref="fl-32"/>
      </object_component>
      <object_component id="oc-116">
         <name>.debug_aranges</name>
         <load_address>0x0</load_address>
         <run_address>0x0</run_address>
         <size>0x20</size>
         <input_file_ref idref="fl-2"/>
      </object_component>
      <object_component id="oc-e4">
         <name>.debug_aranges</name>
         <load_address>0x20</load_address>
         <run_address>0x20</run_address>
         <size>0x20</size>
         <input_file_ref idref="fl-2"/>
      </object_component>
      <object_component id="oc-ea">
         <name>.debug_aranges</name>
         <load_address>0x40</load_address>
         <run_address>0x40</run_address>
         <size>0x20</size>
         <input_file_ref idref="fl-2"/>
      </object_component>
      <object_component id="oc-63">
         <name>.debug_aranges</name>
         <load_address>0x60</load_address>
         <run_address>0x60</run_address>
         <size>0x20</size>
         <input_file_ref idref="fl-1e"/>
      </object_component>
      <object_component id="oc-31">
         <name>.debug_aranges</name>
         <load_address>0x80</load_address>
         <run_address>0x80</run_address>
         <size>0x20</size>
         <input_file_ref idref="fl-1f"/>
      </object_component>
      <object_component id="oc-d2">
         <name>.debug_aranges</name>
         <load_address>0xa0</load_address>
         <run_address>0xa0</run_address>
         <size>0x20</size>
         <input_file_ref idref="fl-20"/>
      </object_component>
      <object_component id="oc-36">
         <name>.debug_aranges</name>
         <load_address>0xc0</load_address>
         <run_address>0xc0</run_address>
         <size>0x20</size>
         <input_file_ref idref="fl-20"/>
      </object_component>
      <object_component id="oc-13f">
         <name>.debug_aranges</name>
         <load_address>0xe0</load_address>
         <run_address>0xe0</run_address>
         <size>0x20</size>
         <input_file_ref idref="fl-22"/>
      </object_component>
      <object_component id="oc-11f">
         <name>.debug_aranges</name>
         <load_address>0x100</load_address>
         <run_address>0x100</run_address>
         <size>0x20</size>
         <input_file_ref idref="fl-23"/>
      </object_component>
      <object_component id="oc-df">
         <name>.debug_aranges</name>
         <load_address>0x120</load_address>
         <run_address>0x120</run_address>
         <size>0x20</size>
         <input_file_ref idref="fl-2b"/>
      </object_component>
      <object_component id="oc-c6">
         <name>.debug_aranges</name>
         <load_address>0x140</load_address>
         <run_address>0x140</run_address>
         <size>0x20</size>
         <input_file_ref idref="fl-2c"/>
      </object_component>
      <object_component id="oc-f6">
         <name>.debug_aranges</name>
         <load_address>0x160</load_address>
         <run_address>0x160</run_address>
         <size>0x20</size>
         <input_file_ref idref="fl-2e"/>
      </object_component>
      <object_component id="oc-fe">
         <name>.debug_aranges</name>
         <load_address>0x180</load_address>
         <run_address>0x180</run_address>
         <size>0x20</size>
         <input_file_ref idref="fl-31"/>
      </object_component>
      <object_component id="oc-150">
         <name>.debug_aranges</name>
         <load_address>0x1a0</load_address>
         <run_address>0x1a0</run_address>
         <size>0x20</size>
         <input_file_ref idref="fl-32"/>
      </object_component>
      <object_component id="oc-179">
         <name>.debug_aranges</name>
         <load_address>0x1c0</load_address>
         <run_address>0x1c0</run_address>
         <size>0x20</size>
         <input_file_ref idref="fl-33"/>
      </object_component>
      <object_component id="oc-158">
         <name>.debug_aranges</name>
         <load_address>0x1e0</load_address>
         <run_address>0x1e0</run_address>
         <size>0x20</size>
         <input_file_ref idref="fl-34"/>
      </object_component>
      <object_component id="oc-148">
         <name>.debug_pubnames</name>
         <load_address>0x0</load_address>
         <run_address>0x0</run_address>
         <size>0x5a</size>
         <input_file_ref idref="fl-2"/>
      </object_component>
      <object_component id="oc-117">
         <name>.debug_pubnames</name>
         <load_address>0x5a</load_address>
         <run_address>0x5a</run_address>
         <size>0x1b</size>
         <input_file_ref idref="fl-2"/>
      </object_component>
      <object_component id="oc-e3">
         <name>.debug_pubnames</name>
         <load_address>0x75</load_address>
         <run_address>0x75</run_address>
         <size>0x1e</size>
         <input_file_ref idref="fl-2"/>
      </object_component>
      <object_component id="oc-e9">
         <name>.debug_pubnames</name>
         <load_address>0x93</load_address>
         <run_address>0x93</run_address>
         <size>0x25</size>
         <input_file_ref idref="fl-2"/>
      </object_component>
      <object_component id="oc-c0">
         <name>.debug_pubnames</name>
         <load_address>0xb8</load_address>
         <run_address>0xb8</run_address>
         <size>0x1d</size>
         <input_file_ref idref="fl-1d"/>
      </object_component>
      <object_component id="oc-62">
         <name>.debug_pubnames</name>
         <load_address>0xd5</load_address>
         <run_address>0xd5</run_address>
         <size>0x2d</size>
         <input_file_ref idref="fl-1e"/>
      </object_component>
      <object_component id="oc-32">
         <name>.debug_pubnames</name>
         <load_address>0x102</load_address>
         <run_address>0x102</run_address>
         <size>0x2b</size>
         <input_file_ref idref="fl-1f"/>
      </object_component>
      <object_component id="oc-d1">
         <name>.debug_pubnames</name>
         <load_address>0x12d</load_address>
         <run_address>0x12d</run_address>
         <size>0x2f</size>
         <input_file_ref idref="fl-20"/>
      </object_component>
      <object_component id="oc-37">
         <name>.debug_pubnames</name>
         <load_address>0x15c</load_address>
         <run_address>0x15c</run_address>
         <size>0x2c</size>
         <input_file_ref idref="fl-20"/>
      </object_component>
      <object_component id="oc-141">
         <name>.debug_pubnames</name>
         <load_address>0x188</load_address>
         <run_address>0x188</run_address>
         <size>0x2b</size>
         <input_file_ref idref="fl-22"/>
      </object_component>
      <object_component id="oc-120">
         <name>.debug_pubnames</name>
         <load_address>0x1b3</load_address>
         <run_address>0x1b3</run_address>
         <size>0x1c</size>
         <input_file_ref idref="fl-23"/>
      </object_component>
      <object_component id="oc-de">
         <name>.debug_pubnames</name>
         <load_address>0x1cf</load_address>
         <run_address>0x1cf</run_address>
         <size>0x2b</size>
         <input_file_ref idref="fl-2b"/>
      </object_component>
      <object_component id="oc-c7">
         <name>.debug_pubnames</name>
         <load_address>0x1fa</load_address>
         <run_address>0x1fa</run_address>
         <size>0x1d</size>
         <input_file_ref idref="fl-2c"/>
      </object_component>
      <object_component id="oc-f7">
         <name>.debug_pubnames</name>
         <load_address>0x217</load_address>
         <run_address>0x217</run_address>
         <size>0x27</size>
         <input_file_ref idref="fl-2e"/>
      </object_component>
      <object_component id="oc-fd">
         <name>.debug_pubnames</name>
         <load_address>0x23e</load_address>
         <run_address>0x23e</run_address>
         <size>0x21</size>
         <input_file_ref idref="fl-31"/>
      </object_component>
      <object_component id="oc-151">
         <name>.debug_pubnames</name>
         <load_address>0x25f</load_address>
         <run_address>0x25f</run_address>
         <size>0x1e</size>
         <input_file_ref idref="fl-32"/>
      </object_component>
      <object_component id="oc-17a">
         <name>.debug_pubnames</name>
         <load_address>0x27d</load_address>
         <run_address>0x27d</run_address>
         <size>0x24</size>
         <input_file_ref idref="fl-33"/>
      </object_component>
      <object_component id="oc-159">
         <name>.debug_pubnames</name>
         <load_address>0x2a1</load_address>
         <run_address>0x2a1</run_address>
         <size>0x29</size>
         <input_file_ref idref="fl-34"/>
      </object_component>
      <object_component id="oc-12b">
         <name>.debug_pubtypes</name>
         <load_address>0x0</load_address>
         <run_address>0x0</run_address>
         <size>0xed</size>
         <input_file_ref idref="fl-2"/>
      </object_component>
      <object_component id="oc-ca">
         <name>.debug_pubtypes</name>
         <load_address>0xed</load_address>
         <run_address>0xed</run_address>
         <size>0x48</size>
         <input_file_ref idref="fl-1f"/>
      </object_component>
      <object_component id="oc-137">
         <name>.debug_pubtypes</name>
         <load_address>0x135</load_address>
         <run_address>0x135</run_address>
         <size>0x1d</size>
         <input_file_ref idref="fl-1f"/>
      </object_component>
      <object_component id="oc-d8">
         <name>.debug_pubtypes</name>
         <load_address>0x152</load_address>
         <run_address>0x152</run_address>
         <size>0x37</size>
         <input_file_ref idref="fl-20"/>
      </object_component>
      <object_component id="oc-132">
         <name>.debug_pubtypes</name>
         <load_address>0x189</load_address>
         <run_address>0x189</run_address>
         <size>0x1d</size>
         <input_file_ref idref="fl-21"/>
      </object_component>
      <object_component id="oc-182">
         <name>.debug_pubtypes</name>
         <load_address>0x1a6</load_address>
         <run_address>0x1a6</run_address>
         <size>0x32</size>
         <input_file_ref idref="fl-31"/>
      </object_component>
      <object_component id="oc-187">
         <name>.debug_pubtypes</name>
         <load_address>0x1d8</load_address>
         <run_address>0x1d8</run_address>
         <size>0x50</size>
         <input_file_ref idref="fl-31"/>
      </object_component>
      <object_component id="oc-1aa">
         <name>.debug_pubtypes</name>
         <load_address>0x228</load_address>
         <run_address>0x228</run_address>
         <size>0x23</size>
         <input_file_ref idref="fl-32"/>
      </object_component>
   </object_component_list>
   <logical_group_list>
      <logical_group id="lg-2" display="no" color="cyan">
         <name>.bss</name>
         <run_address>0x0</run_address>
         <size>0x0</size>
         <contents>
         </contents>
      </logical_group>
      <logical_group id="lg-3" display="no" color="cyan">
         <name>.data</name>
         <run_address>0x200</run_address>
         <size>0xb</size>
         <contents>
            <object_component_ref idref="oc-146"/>
         </contents>
      </logical_group>
      <logical_group id="lg-4" display="no" color="cyan">
         <name>.TI.noinit</name>
         <run_address>0x0</run_address>
         <size>0x0</size>
         <contents>
         </contents>
      </logical_group>
      <logical_group id="lg-5" display="no" color="cyan">
         <name>.sysmem</name>
         <run_address>0x0</run_address>
         <size>0x0</size>
         <contents>
         </contents>
      </logical_group>
      <logical_group id="lg-6" display="no" color="cyan">
         <name>.stack</name>
         <run_address>0x24c</run_address>
         <size>0x32</size>
         <contents>
            <object_component_ref idref="oc-be"/>
            <object_component_ref idref="oc-1ec"/>
         </contents>
      </logical_group>
      <logical_group id="lg-7" display="no" color="cyan">
         <name>.text</name>
         <load_address>0xf800</load_address>
         <run_address>0xf800</run_address>
         <size>0x338</size>
         <contents>
            <object_component_ref idref="oc-e1"/>
            <object_component_ref idref="oc-114"/>
            <object_component_ref idref="oc-fa"/>
            <object_component_ref idref="oc-e7"/>
            <object_component_ref idref="oc-cf"/>
            <object_component_ref idref="oc-14e"/>
            <object_component_ref idref="oc-60"/>
            <object_component_ref idref="oc-177"/>
            <object_component_ref idref="oc-2e"/>
            <object_component_ref idref="oc-c2"/>
            <object_component_ref idref="oc-13d"/>
            <object_component_ref idref="oc-dc"/>
            <object_component_ref idref="oc-11c"/>
            <object_component_ref idref="oc-34"/>
            <object_component_ref idref="oc-f4"/>
            <object_component_ref idref="oc-154"/>
         </contents>
      </logical_group>
      <logical_group id="lg-8" display="no" color="cyan">
         <name>.cinit</name>
         <load_address>0xfb38</load_address>
         <run_address>0xfb38</run_address>
         <size>0x12</size>
         <contents>
            <object_component_ref idref="oc-1eb"/>
            <object_component_ref idref="oc-1e9"/>
            <object_component_ref idref="oc-1ea"/>
         </contents>
      </logical_group>
      <logical_group id="lg-9" display="no" color="cyan">
         <name>.const</name>
         <run_address>0x0</run_address>
         <size>0x0</size>
         <contents>
         </contents>
      </logical_group>
      <logical_group id="lg-a" display="no" color="cyan">
         <name>.cio</name>
         <run_address>0x0</run_address>
         <size>0x0</size>
         <contents>
         </contents>
      </logical_group>
      <logical_group id="lg-b" display="no" color="cyan">
         <name>.pinit</name>
         <run_address>0x0</run_address>
         <size>0x0</size>
         <contents>
         </contents>
      </logical_group>
      <logical_group id="lg-c" display="no" color="cyan">
         <name>.binit</name>
         <load_address>0xf800</load_address>
         <run_address>0xf800</run_address>
         <size>0x0</size>
         <contents>
            <object_component_ref idref="oc-1b4"/>
         </contents>
      </logical_group>
      <logical_group id="lg-d" display="no" color="cyan">
         <name>.init_array</name>
         <run_address>0x0</run_address>
         <size>0x0</size>
         <contents>
         </contents>
      </logical_group>
      <logical_group id="lg-e" display="no" color="cyan">
         <name>.mspabi.exidx</name>
         <run_address>0x0</run_address>
         <size>0x0</size>
         <contents>
         </contents>
      </logical_group>
      <logical_group id="lg-f" display="no" color="cyan">
         <name>.mspabi.extab</name>
         <run_address>0x0</run_address>
         <size>0x0</size>
         <contents>
         </contents>
      </logical_group>
      <logical_group id="lg-10" display="no" color="cyan">
         <name>.TI.ramfunc</name>
         <run_address>0x0</run_address>
         <size>0x0</size>
         <contents>
         </contents>
      </logical_group>
      <logical_group id="lg-11" display="no" color="cyan">
         <name>.infoA</name>
         <run_address>0x0</run_address>
         <size>0x0</size>
         <contents>
         </contents>
      </logical_group>
      <logical_group id="lg-12" display="no" color="cyan">
         <name>.infoB</name>
         <run_address>0x0</run_address>
         <size>0x0</size>
         <contents>
         </contents>
      </logical_group>
      <logical_group id="lg-13" display="no" color="cyan">
         <name>.infoC</name>
         <run_address>0x0</run_address>
         <size>0x0</size>
         <contents>
         </contents>
      </logical_group>
      <logical_group id="lg-14" display="no" color="cyan">
         <name>.infoD</name>
         <run_address>0x0</run_address>
         <size>0x0</size>
         <contents>
         </contents>
      </logical_group>
      <logical_group id="lg-15" display="no" color="cyan">
         <name>.int00</name>
         <run_address>0x0</run_address>
         <size>0x0</size>
         <contents>
         </contents>
      </logical_group>
      <logical_group id="lg-16" display="no" color="cyan">
         <name>.int01</name>
         <run_address>0x0</run_address>
         <size>0x0</size>
         <contents>
         </contents>
      </logical_group>
      <logical_group id="lg-17" display="no" color="cyan">
         <name>PORT1</name>
         <load_address>0xffe4</load_address>
         <run_address>0xffe4</run_address>
         <size>0x2</size>
         <contents>
            <object_component_ref idref="oc-3a"/>
         </contents>
      </logical_group>
      <logical_group id="lg-19" display="no" color="cyan">
         <name>PORT2</name>
         <load_address>0xffe6</load_address>
         <run_address>0xffe6</run_address>
         <size>0x2</size>
         <contents>
            <object_component_ref idref="oc-3b"/>
         </contents>
      </logical_group>
      <logical_group id="lg-1b" display="no" color="cyan">
         <name>USI</name>
         <load_address>0xffe8</load_address>
         <run_address>0xffe8</run_address>
         <size>0x2</size>
         <contents>
            <object_component_ref idref="oc-3c"/>
         </contents>
      </logical_group>
      <logical_group id="lg-1d" display="no" color="cyan">
         <name>SD16</name>
         <load_address>0xffea</load_address>
         <run_address>0xffea</run_address>
         <size>0x2</size>
         <contents>
            <object_component_ref idref="oc-3d"/>
         </contents>
      </logical_group>
      <logical_group id="lg-1f" display="no" color="cyan">
         <name>.int06</name>
         <run_address>0x0</run_address>
         <size>0x0</size>
         <contents>
         </contents>
      </logical_group>
      <logical_group id="lg-20" display="no" color="cyan">
         <name>.int07</name>
         <run_address>0x0</run_address>
         <size>0x0</size>
         <contents>
         </contents>
      </logical_group>
      <logical_group id="lg-21" display="no" color="cyan">
         <name>TIMERA1</name>
         <load_address>0xfff0</load_address>
         <run_address>0xfff0</run_address>
         <size>0x2</size>
         <contents>
            <object_component_ref idref="oc-3e"/>
         </contents>
      </logical_group>
      <logical_group id="lg-23" display="no" color="cyan">
         <name>TIMERA0</name>
         <load_address>0xfff2</load_address>
         <run_address>0xfff2</run_address>
         <size>0x2</size>
         <contents>
            <object_component_ref idref="oc-3f"/>
         </contents>
      </logical_group>
      <logical_group id="lg-25" display="no" color="cyan">
         <name>WDT</name>
         <load_address>0xfff4</load_address>
         <run_address>0xfff4</run_address>
         <size>0x2</size>
         <contents>
            <object_component_ref idref="oc-40"/>
         </contents>
      </logical_group>
      <logical_group id="lg-27" display="no" color="cyan">
         <name>.int11</name>
         <run_address>0x0</run_address>
         <size>0x0</size>
         <contents>
         </contents>
      </logical_group>
      <logical_group id="lg-28" display="no" color="cyan">
         <name>.int12</name>
         <run_address>0x0</run_address>
         <size>0x0</size>
         <contents>
         </contents>
      </logical_group>
      <logical_group id="lg-29" display="no" color="cyan">
         <name>.int13</name>
         <run_address>0x0</run_address>
         <size>0x0</size>
         <contents>
         </contents>
      </logical_group>
      <logical_group id="lg-2a" display="no" color="cyan">
         <name>NMI</name>
         <load_address>0xfffc</load_address>
         <run_address>0xfffc</run_address>
         <size>0x2</size>
         <contents>
            <object_component_ref idref="oc-41"/>
         </contents>
      </logical_group>
      <logical_group id="lg-2c" display="no" color="cyan">
         <name>.reset</name>
         <load_address>0xfffe</load_address>
         <run_address>0xfffe</run_address>
         <size>0x2</size>
         <contents>
            <object_component_ref idref="oc-c1"/>
         </contents>
      </logical_group>
      <logical_group id="lg-1b3" display="no" color="cyan">
         <name>.TI.persistent</name>
         <run_address>0x0</run_address>
         <size>0x0</size>
         <contents>
         </contents>
      </logical_group>
      <logical_group id="lg-1d9" display="never" color="cyan">
         <name>.debug_info</name>
         <load_address>0x0</load_address>
         <run_address>0x0</run_address>
         <size>0x26b0</size>
         <contents>
            <object_component_ref idref="oc-147"/>
            <object_component_ref idref="oc-115"/>
            <object_component_ref idref="oc-e2"/>
            <object_component_ref idref="oc-e8"/>
            <object_component_ref idref="oc-12a"/>
            <object_component_ref idref="oc-bf"/>
            <object_component_ref idref="oc-61"/>
            <object_component_ref idref="oc-ce"/>
            <object_component_ref idref="oc-30"/>
            <object_component_ref idref="oc-c9"/>
            <object_component_ref idref="oc-136"/>
            <object_component_ref idref="oc-d6"/>
            <object_component_ref idref="oc-d0"/>
            <object_component_ref idref="oc-35"/>
            <object_component_ref idref="oc-d7"/>
            <object_component_ref idref="oc-131"/>
            <object_component_ref idref="oc-140"/>
            <object_component_ref idref="oc-11e"/>
            <object_component_ref idref="oc-dd"/>
            <object_component_ref idref="oc-130"/>
            <object_component_ref idref="oc-c5"/>
            <object_component_ref idref="oc-f5"/>
            <object_component_ref idref="oc-15b"/>
            <object_component_ref idref="oc-fc"/>
            <object_component_ref idref="oc-181"/>
            <object_component_ref idref="oc-186"/>
            <object_component_ref idref="oc-17d"/>
            <object_component_ref idref="oc-14f"/>
            <object_component_ref idref="oc-1a9"/>
            <object_component_ref idref="oc-178"/>
            <object_component_ref idref="oc-157"/>
            <object_component_ref idref="oc-1ed"/>
         </contents>
      </logical_group>
      <logical_group id="lg-1db" display="never" color="cyan">
         <name>.debug_line</name>
         <load_address>0x0</load_address>
         <run_address>0x0</run_address>
         <size>0xa3a</size>
         <contents>
            <object_component_ref idref="oc-176"/>
            <object_component_ref idref="oc-119"/>
            <object_component_ref idref="oc-e5"/>
            <object_component_ref idref="oc-ec"/>
            <object_component_ref idref="oc-12d"/>
            <object_component_ref idref="oc-129"/>
            <object_component_ref idref="oc-64"/>
            <object_component_ref idref="oc-13c"/>
            <object_component_ref idref="oc-33"/>
            <object_component_ref idref="oc-cc"/>
            <object_component_ref idref="oc-139"/>
            <object_component_ref idref="oc-144"/>
            <object_component_ref idref="oc-d3"/>
            <object_component_ref idref="oc-38"/>
            <object_component_ref idref="oc-da"/>
            <object_component_ref idref="oc-134"/>
            <object_component_ref idref="oc-13e"/>
            <object_component_ref idref="oc-11d"/>
            <object_component_ref idref="oc-e0"/>
            <object_component_ref idref="oc-173"/>
            <object_component_ref idref="oc-c3"/>
            <object_component_ref idref="oc-f8"/>
            <object_component_ref idref="oc-180"/>
            <object_component_ref idref="oc-fb"/>
            <object_component_ref idref="oc-184"/>
            <object_component_ref idref="oc-189"/>
            <object_component_ref idref="oc-1a8"/>
            <object_component_ref idref="oc-153"/>
            <object_component_ref idref="oc-1ac"/>
            <object_component_ref idref="oc-17b"/>
            <object_component_ref idref="oc-155"/>
         </contents>
      </logical_group>
      <logical_group id="lg-1dd" display="never" color="cyan">
         <name>.debug_frame</name>
         <load_address>0x0</load_address>
         <run_address>0x0</run_address>
         <size>0x3c8</size>
         <contents>
            <object_component_ref idref="oc-118"/>
            <object_component_ref idref="oc-e6"/>
            <object_component_ref idref="oc-eb"/>
            <object_component_ref idref="oc-65"/>
            <object_component_ref idref="oc-2f"/>
            <object_component_ref idref="oc-d4"/>
            <object_component_ref idref="oc-39"/>
            <object_component_ref idref="oc-121"/>
            <object_component_ref idref="oc-c4"/>
            <object_component_ref idref="oc-f9"/>
            <object_component_ref idref="oc-ff"/>
            <object_component_ref idref="oc-152"/>
            <object_component_ref idref="oc-156"/>
         </contents>
      </logical_group>
      <logical_group id="lg-1df" display="never" color="cyan">
         <name>.debug_abbrev</name>
         <load_address>0x0</load_address>
         <run_address>0x0</run_address>
         <size>0x992</size>
         <contents>
            <object_component_ref idref="oc-175"/>
            <object_component_ref idref="oc-170"/>
            <object_component_ref idref="oc-149"/>
            <object_component_ref idref="oc-14a"/>
            <object_component_ref idref="oc-12c"/>
            <object_component_ref idref="oc-128"/>
            <object_component_ref idref="oc-122"/>
            <object_component_ref idref="oc-13b"/>
            <object_component_ref idref="oc-c8"/>
            <object_component_ref idref="oc-cb"/>
            <object_component_ref idref="oc-138"/>
            <object_component_ref idref="oc-143"/>
            <object_component_ref idref="oc-142"/>
            <object_component_ref idref="oc-d5"/>
            <object_component_ref idref="oc-d9"/>
            <object_component_ref idref="oc-133"/>
            <object_component_ref idref="oc-174"/>
            <object_component_ref idref="oc-171"/>
            <object_component_ref idref="oc-145"/>
            <object_component_ref idref="oc-172"/>
            <object_component_ref idref="oc-12f"/>
            <object_component_ref idref="oc-14d"/>
            <object_component_ref idref="oc-17f"/>
            <object_component_ref idref="oc-15a"/>
            <object_component_ref idref="oc-183"/>
            <object_component_ref idref="oc-188"/>
            <object_component_ref idref="oc-1a7"/>
            <object_component_ref idref="oc-17c"/>
            <object_component_ref idref="oc-1ab"/>
            <object_component_ref idref="oc-1a6"/>
            <object_component_ref idref="oc-17e"/>
            <object_component_ref idref="oc-1ee"/>
         </contents>
      </logical_group>
      <logical_group id="lg-1e1" display="never" color="cyan">
         <name>.debug_str</name>
         <load_address>0x0</load_address>
         <run_address>0x0</run_address>
         <size>0x88b</size>
         <contents>
            <object_component_ref idref="oc-12e"/>
            <object_component_ref idref="oc-cd"/>
            <object_component_ref idref="oc-13a"/>
            <object_component_ref idref="oc-db"/>
            <object_component_ref idref="oc-135"/>
            <object_component_ref idref="oc-185"/>
            <object_component_ref idref="oc-18a"/>
            <object_component_ref idref="oc-1ad"/>
         </contents>
      </logical_group>
      <logical_group id="lg-1e3" display="never" color="cyan">
         <name>.debug_aranges</name>
         <load_address>0x0</load_address>
         <run_address>0x0</run_address>
         <size>0x200</size>
         <contents>
            <object_component_ref idref="oc-116"/>
            <object_component_ref idref="oc-e4"/>
            <object_component_ref idref="oc-ea"/>
            <object_component_ref idref="oc-63"/>
            <object_component_ref idref="oc-31"/>
            <object_component_ref idref="oc-d2"/>
            <object_component_ref idref="oc-36"/>
            <object_component_ref idref="oc-13f"/>
            <object_component_ref idref="oc-11f"/>
            <object_component_ref idref="oc-df"/>
            <object_component_ref idref="oc-c6"/>
            <object_component_ref idref="oc-f6"/>
            <object_component_ref idref="oc-fe"/>
            <object_component_ref idref="oc-150"/>
            <object_component_ref idref="oc-179"/>
            <object_component_ref idref="oc-158"/>
         </contents>
      </logical_group>
      <logical_group id="lg-1e5" display="never" color="cyan">
         <name>.debug_pubnames</name>
         <load_address>0x0</load_address>
         <run_address>0x0</run_address>
         <size>0x2ca</size>
         <contents>
            <object_component_ref idref="oc-148"/>
            <object_component_ref idref="oc-117"/>
            <object_component_ref idref="oc-e3"/>
            <object_component_ref idref="oc-e9"/>
            <object_component_ref idref="oc-c0"/>
            <object_component_ref idref="oc-62"/>
            <object_component_ref idref="oc-32"/>
            <object_component_ref idref="oc-d1"/>
            <object_component_ref idref="oc-37"/>
            <object_component_ref idref="oc-141"/>
            <object_component_ref idref="oc-120"/>
            <object_component_ref idref="oc-de"/>
            <object_component_ref idref="oc-c7"/>
            <object_component_ref idref="oc-f7"/>
            <object_component_ref idref="oc-fd"/>
            <object_component_ref idref="oc-151"/>
            <object_component_ref idref="oc-17a"/>
            <object_component_ref idref="oc-159"/>
         </contents>
      </logical_group>
      <logical_group id="lg-1e7" display="never" color="cyan">
         <name>.debug_pubtypes</name>
         <load_address>0x0</load_address>
         <run_address>0x0</run_address>
         <size>0x24b</size>
         <contents>
            <object_component_ref idref="oc-12b"/>
            <object_component_ref idref="oc-ca"/>
            <object_component_ref idref="oc-137"/>
            <object_component_ref idref="oc-d8"/>
            <object_component_ref idref="oc-132"/>
            <object_component_ref idref="oc-182"/>
            <object_component_ref idref="oc-187"/>
            <object_component_ref idref="oc-1aa"/>
         </contents>
      </logical_group>
      <load_segment id="lg-1ef" display="no" color="cyan">
         <name>SEGMENT_0</name>
         <run_address>0x200</run_address>
         <size>0xb</size>
         <flags>0x6</flags>
         <contents>
            <logical_group_ref idref="lg-3"/>
         </contents>
      </load_segment>
      <load_segment id="lg-1f0" display="no" color="cyan">
         <name>SEGMENT_1</name>
         <run_address>0x24c</run_address>
         <size>0x32</size>
         <flags>0x6</flags>
         <contents>
            <logical_group_ref idref="lg-6"/>
         </contents>
      </load_segment>
      <load_segment id="lg-1f1" display="no" color="cyan">
         <name>SEGMENT_2</name>
         <load_address>0xf800</load_address>
         <run_address>0xf800</run_address>
         <size>0x34a</size>
         <flags>0x5</flags>
         <contents>
            <logical_group_ref idref="lg-7"/>
            <logical_group_ref idref="lg-8"/>
         </contents>
      </load_segment>
      <load_segment id="lg-1f2" display="no" color="cyan">
         <name>SEGMENT_3</name>
         <load_address>0xffe4</load_address>
         <run_address>0xffe4</run_address>
         <size>0x8</size>
         <flags>0x4</flags>
         <contents>
            <logical_group_ref idref="lg-17"/>
            <logical_group_ref idref="lg-19"/>
            <logical_group_ref idref="lg-1b"/>
            <logical_group_ref idref="lg-1d"/>
         </contents>
      </load_segment>
      <load_segment id="lg-1f3" display="no" color="cyan">
         <name>SEGMENT_4</name>
         <load_address>0xfff0</load_address>
         <run_address>0xfff0</run_address>
         <size>0x6</size>
         <flags>0x4</flags>
         <contents>
            <logical_group_ref idref="lg-21"/>
            <logical_group_ref idref="lg-23"/>
            <logical_group_ref idref="lg-25"/>
         </contents>
      </load_segment>
      <load_segment id="lg-1f4" display="no" color="cyan">
         <name>SEGMENT_5</name>
         <load_address>0xfffc</load_address>
         <run_address>0xfffc</run_address>
         <size>0x4</size>
         <flags>0x4</flags>
         <contents>
            <logical_group_ref idref="lg-2a"/>
            <logical_group_ref idref="lg-2c"/>
         </contents>
      </load_segment>
   </logical_group_list>
   <placement_map>
      <memory_area display="no" color="green">
         <name>SFR</name>
         <page_id>0x0</page_id>
         <origin>0x0</origin>
         <length>0x10</length>
         <used_space>0x0</used_space>
         <unused_space>0x10</unused_space>
         <attributes>RWIX</attributes>
         <usage_details>
         </usage_details>
      </memory_area>
      <memory_area display="yes" color="green">
         <name>PERIPHERALS_8BIT</name>
         <page_id>0x0</page_id>
         <origin>0x10</origin>
         <length>0xf0</length>
         <used_space>0x0</used_space>
         <unused_space>0xf0</unused_space>
         <attributes>RWIX</attributes>
         <usage_details>
         </usage_details>
      </memory_area>
      <memory_area display="yes" color="green">
         <name>PERIPHERALS_16BIT</name>
         <page_id>0x0</page_id>
         <origin>0x100</origin>
         <length>0x100</length>
         <used_space>0x0</used_space>
         <unused_space>0x100</unused_space>
         <attributes>RWIX</attributes>
         <usage_details>
         </usage_details>
      </memory_area>
      <memory_area display="yes" color="green">
         <name>RAM</name>
         <page_id>0x0</page_id>
         <origin>0x200</origin>
         <length>0x80</length>
         <used_space>0x3d</used_space>
         <unused_space>0x43</unused_space>
         <attributes>RWIX</attributes>
         <usage_details>
            <allocated_space>
               <start_address>0x200</start_address>
               <size>0xb</size>
               <logical_group_ref idref="lg-3"/>
[...]
      </memory_area>
      <memory_area display="no" color="green">
         <name>INT04</name>
         <page_id>0x0</page_id>
         <origin>0xffe8</origin>
         <length>0x2</length>
         <used_space>0x2</used_space>
         <unused_space>0x0</unused_space>
         <attributes>RWIX</attributes>
         <usage_details>
            <allocated_space>
               <start_address>0xffe8</start_address>
               <size>0x2</size>
               <logical_group_ref idref="lg-1b"/>
            </allocated_space>
         </usage_details>
      </memory_area>
      <memory_area display="no" color="green">
         <name>INT05</name>
         <page_id>0x0</page_id>
         <origin>0xffea</origin>
         <length>0x2</length>
         <used_space>0x2</used_space>
         <unused_space>0x0</unused_space>
         <attributes>RWIX</attributes>
         <usage_details>
            <allocated_space>
               <start_address>0xffea</start_address>
               <size>0x2</size>
               <logical_group_ref idref="lg-1d"/>
            </allocated_space>
         </usage_details>
      </memory_area>
      <memory_area display="no" color="green">
         <name>INT06</name>
         <page_id>0x0</page_id>
         <origin>0xffec</origin>
         <length>0x2</length>
         <used_space>0x0</used_space>
         <unused_space>0x2</unused_space>
         <attributes>RWIX</attributes>
         <usage_details>
         </usage_details>
      </memory_area>
      <memory_area display="no" color="green">
         <name>INT07</name>
         <page_id>0x0</page_id>
         <origin>0xffee</origin>
         <length>0x2</length>
         <used_space>0x0</used_space>
         <unused_space>0x2</unused_space>
         <attributes>RWIX</attributes>
         <usage_details>
         </usage_details>
      </memory_area>
      <memory_area display="no" color="green">
         <name>INT08</name>
         <page_id>0x0</page_id>
         <origin>0xfff0</origin>
         <length>0x2</length>
         <used_space>0x2</used_space>
         <unused_space>0x0</unused_space>
         <attributes>RWIX</attributes>
         <usage_details>
            <allocated_space>
               <start_address>0xfff0</start_address>
               <size>0x2</size>
               <logical_group_ref idref="lg-21"/>
            </allocated_space>
         </usage_details>
      </memory_area>
      <memory_area display="no" color="green">
         <name>INT09</name>
         <page_id>0x0</page_id>
         <origin>0xfff2</origin>
         <length>0x2</length>
         <used_space>0x2</used_space>
         <unused_space>0x0</unused_space>
         <attributes>RWIX</attributes>
         <usage_details>
            <allocated_space>
               <start_address>0xfff2</start_address>
               <size>0x2</size>
               <logical_group_ref idref="lg-23"/>
            </allocated_space>
         </usage_details>
      </memory_area>
      <memory_area display="no" color="green">
         <name>INT10</name>
         <page_id>0x0</page_id>
         <origin>0xfff4</origin>
         <length>0x2</length>
         <used_space>0x2</used_space>
         <unused_space>0x0</unused_space>
         <attributes>RWIX</attributes>
         <usage_details>
            <allocated_space>
               <start_address>0xfff4</start_address>
               <size>0x2</size>
               <logical_group_ref idref="lg-25"/>
            </allocated_space>
         </usage_details>
      </memory_area>
      <memory_area display="no" color="green">
         <name>INT11</name>
         <page_id>0x0</page_id>
         <origin>0xfff6</origin>
         <length>0x2</length>
         <used_space>0x0</used_space>
         <unused_space>0x2</unused_space>
         <attributes>RWIX</attributes>
         <usage_details>
         </usage_details>
      </memory_area>
      <memory_area display="no" color="green">
         <name>INT12</name>
         <page_id>0x0</page_id>
         <origin>0xfff8</origin>
         <length>0x2</length>
         <used_space>0x0</used_space>
         <unused_space>0x2</unused_space>
         <attributes>RWIX</attributes>
         <usage_details>
         </usage_details>
      </memory_area>
      <memory_area display="no" color="green">
         <name>INT13</name>
         <page_id>0x0</page_id>
         <origin>0xfffa</origin>
         <length>0x2</length>
         <used_space>0x0</used_space>
         <unused_space>0x2</unused_space>
         <attributes>RWIX</attributes>
         <usage_details>
         </usage_details>
      </memory_area>
      <memory_area display="no" color="green">
         <name>INT14</name>
         <page_id>0x0</page_id>
         <origin>0xfffc</origin>
         <length>0x2</length>
         <used_space>0x2</used_space>
         <unused_space>0x0</unused_space>
         <attributes>RWIX</attributes>
         <usage_details>
            <allocated_space>
               <start_address>0xfffc</start_address>
               <size>0x2</size>
               <logical_group_ref idref="lg-2a"/>
            </allocated_space>
         </usage_details>
      </memory_area>
      <memory_area display="no" color="green">
         <name>RESET</name>
         <page_id>0x0</page_id>
         <origin>0xfffe</origin>
         <length>0x2</length>
         <used_space>0x2</used_space>
         <unused_space>0x0</unused_space>
         <attributes>RWIX</attributes>
         <usage_details>
            <allocated_space>
               <start_address>0xfffe</start_address>
               <size>0x2</size>
               <logical_group_ref idref="lg-2c"/>
            </allocated_space>
         </usage_details>
      </memory_area>
   </placement_map>
   <cptbl_list>
      <cptbl>
         <name>__TI_cinit_table</name>
         <cprec>
            <name>.data</name>
            <load_address>0xfb38</load_address>
            <load_size>0xa</load_size>
            <run_address>0x200</run_address>
            <run_size>0xb</run_size>
            <compression>rle</compression>
         </cprec>
      </cptbl>
   </cptbl_list>
   <handler_table>
      <handler_table_name>__TI_handler_table</handler_table_name>
      <handler>
         <index>0x0</index>
         <name>__TI_decompress_rle24</name>
      </handler>
      <handler>
         <index>0x1</index>
         <name>__TI_decompress_none</name>
      </handler>
   </handler_table>
   <symbol_table>
      <symbol id="sm-1">
         <name>IE1</name>
         <value>0x0</value>
      </symbol>
      <symbol id="sm-2">
         <name>IFG1</name>
         <value>0x2</value>
      </symbol>
      <symbol id="sm-3">
         <name>DCOCTL</name>
         <value>0x56</value>
      </symbol>
      <symbol id="sm-4">
         <name>BCSCTL1</name>
         <value>0x57</value>
      </symbol>
      <symbol id="sm-5">
         <name>BCSCTL2</name>
         <value>0x58</value>
      </symbol>
      <symbol id="sm-6">
         <name>BCSCTL3</name>
         <value>0x53</value>
      </symbol>
      <symbol id="sm-7">
         <name>FCTL1</name>
         <value>0x128</value>
      </symbol>
      <symbol id="sm-8">
         <name>FCTL2</name>
         <value>0x12a</value>
      </symbol>
      <symbol id="sm-9">
         <name>FCTL3</name>
         <value>0x12c</value>
      </symbol>
      <symbol id="sm-a">
         <name>P1IN</name>
         <value>0x20</value>
      </symbol>
      <symbol id="sm-b">
         <name>P1OUT</name>
         <value>0x21</value>
      </symbol>
      <symbol id="sm-c">
         <name>P1DIR</name>
         <value>0x22</value>
      </symbol>
      <symbol id="sm-d">
         <name>P1IFG</name>
         <value>0x23</value>
      </symbol>
      <symbol id="sm-e">
         <name>P1IES</name>
         <value>0x24</value>
      </symbol>
      <symbol id="sm-f">
         <name>P1IE</name>
         <value>0x25</value>
      </symbol>
      <symbol id="sm-10">
         <name>P1SEL</name>
         <value>0x26</value>
      </symbol>
      <symbol id="sm-11">
         <name>P1REN</name>
         <value>0x27</value>
      </symbol>
      <symbol id="sm-12">
         <name>P2IN</name>
         <value>0x28</value>
      </symbol>
      <symbol id="sm-13">
         <name>P2OUT</name>
         <value>0x29</value>
      </symbol>
      <symbol id="sm-14">
         <name>P2DIR</name>
         <value>0x2a</value>
      </symbol>
      <symbol id="sm-15">
         <name>P2IFG</name>
         <value>0x2b</value>
      </symbol>
      <symbol id="sm-16">
         <name>P2IES</name>
         <value>0x2c</value>
      </symbol>
      <symbol id="sm-17">
         <name>P2IE</name>
         <value>0x2d</value>
      </symbol>
      <symbol id="sm-18">
         <name>P2SEL</name>
         <value>0x2e</value>
      </symbol>
      <symbol id="sm-19">
         <name>P2REN</name>
         <value>0x2f</value>
      </symbol>
      <symbol id="sm-1a">
         <name>SD16INCTL0</name>
         <value>0xb0</value>
      </symbol>
      <symbol id="sm-1b">
         <name>SD16AE</name>
         <value>0xb7</value>
      </symbol>
      <symbol id="sm-1c">
         <name>SD16CONF0</name>
         <value>0xf7</value>
      </symbol>
      <symbol id="sm-1d">
         <name>SD16CONF1</name>
         <value>0xbf</value>
      </symbol>
      <symbol id="sm-1e">
         <name>SD16CTL</name>
         <value>0x100</value>
      </symbol>
      <symbol id="sm-1f">
         <name>SD16CCTL0</name>
         <value>0x102</value>
      </symbol>
      <symbol id="sm-20">
         <name>SD16IV</name>
         <value>0x110</value>
      </symbol>
      <symbol id="sm-21">
         <name>SD16MEM0</name>
         <value>0x112</value>
      </symbol>
      <symbol id="sm-22">
         <name>TAIV</name>
         <value>0x12e</value>
      </symbol>
      <symbol id="sm-23">
         <name>TACTL</name>
         <value>0x160</value>
      </symbol>
      <symbol id="sm-24">
         <name>TACCTL0</name>
         <value>0x162</value>
      </symbol>
      <symbol id="sm-25">
         <name>TACCTL1</name>
         <value>0x164</value>
      </symbol>
      <symbol id="sm-26">
         <name>TAR</name>
         <value>0x170</value>
      </symbol>
      <symbol id="sm-27">
         <name>TACCR0</name>
         <value>0x172</value>
      </symbol>
      <symbol id="sm-28">
         <name>TACCR1</name>
         <value>0x174</value>
      </symbol>
      <symbol id="sm-29">
         <name>USICTL0</name>
         <value>0x78</value>
      </symbol>
      <symbol id="sm-2a">
         <name>USICTL1</name>
         <value>0x79</value>
      </symbol>
      <symbol id="sm-2b">
         <name>USICKCTL</name>
         <value>0x7a</value>
      </symbol>
      <symbol id="sm-2c">
         <name>USICNT</name>
         <value>0x7b</value>
      </symbol>
      <symbol id="sm-2d">
         <name>USISRL</name>
         <value>0x7c</value>
      </symbol>
      <symbol id="sm-2e">
         <name>USISRH</name>
         <value>0x7d</value>
      </symbol>
      <symbol id="sm-2f">
         <name>USICTL</name>
         <value>0x78</value>
      </symbol>
      <symbol id="sm-30">
         <name>USICCTL</name>
         <value>0x7a</value>
      </symbol>
      <symbol id="sm-31">
         <name>USISR</name>
         <value>0x7c</value>
      </symbol>
      <symbol id="sm-32">
         <name>WDTCTL</name>
         <value>0x120</value>
      </symbol>
      <symbol id="sm-33">
         <name>CALDCO_16MHZ</name>
         <value>0x10f8</value>
      </symbol>
      <symbol id="sm-34">
         <name>CALBC1_16MHZ</name>
         <value>0x10f9</value>
      </symbol>
      <symbol id="sm-35">
         <name>CALDCO_12MHZ</name>
         <value>0x10fa</value>
      </symbol>
      <symbol id="sm-36">
         <name>CALBC1_12MHZ</name>
         <value>0x10fb</value>
      </symbol>
      <symbol id="sm-37">
         <name>CALDCO_8MHZ</name>
         <value>0x10fc</value>
      </symbol>
      <symbol id="sm-38">
         <name>CALBC1_8MHZ</name>
         <value>0x10fd</value>
      </symbol>
      <symbol id="sm-39">
         <name>CALDCO_1MHZ</name>
         <value>0x10fe</value>
      </symbol>
      <symbol id="sm-3a">
         <name>CALBC1_1MHZ</name>
         <value>0x10ff</value>
      </symbol>
      <symbol id="sm-3b">
         <name>__TI_CINIT_Base</name>
         <value>0xfb46</value>
      </symbol>
      <symbol id="sm-3c">
         <name>__TI_CINIT_Limit</name>
         <value>0xfb4a</value>
      </symbol>
      <symbol id="sm-3d">
         <name>__TI_Handler_Table_Base</name>
         <value>0xfb42</value>
      </symbol>
      <symbol id="sm-3e">
         <name>__TI_Handler_Table_Limit</name>
         <value>0xfb46</value>
      </symbol>
      <symbol id="sm-3f">
         <name>__STACK_SIZE</name>
         <value>0x32</value>
      </symbol>
      <symbol id="sm-40">
         <name>__STACK_END</name>
         <value>0x27e</value>
      </symbol>
      <symbol id="sm-41">
         <name>__c_args__</name>
         <value>0xffffffff</value>
      </symbol>
      <symbol id="sm-42">
         <name>__TI_pprof_out_hndl</name>
         <value>0xffffffff</value>
      </symbol>
      <symbol id="sm-43">
         <name>__TI_prof_data_start</name>
         <value>0xffffffff</value>
      </symbol>
      <symbol id="sm-44">
         <name>__TI_prof_data_size</name>
         <value>0xffffffff</value>
      </symbol>
      <symbol id="sm-a7">
         <name>__TI_int05</name>
         <value>0xffea</value>
         <object_component_ref idref="oc-3d"/>
      </symbol>
      <symbol id="sm-a8">
         <name>__TI_int10</name>
         <value>0xfff4</value>
         <object_component_ref idref="oc-40"/>
      </symbol>
      <symbol id="sm-a9">
         <name>LED_ENABLE</name>
         <value>0x20a</value>
         <object_component_ref idref="oc-146"/>
      </symbol>
      <symbol id="sm-aa">
         <name>watchdog_timer</name>
         <value>0xf998</value>
         <object_component_ref idref="oc-e7"/>
      </symbol>
      <symbol id="sm-ab">
         <name>main</name>
         <value>0xf89a</value>
         <object_component_ref idref="oc-114"/>
      </symbol>
      <symbol id="sm-ac">
         <name>SD16ISR</name>
         <value>0xf800</value>
         <object_component_ref idref="oc-e1"/>
      </symbol>
      <symbol id="sm-b4">
         <name>_stack</name>
         <value>0x24c</value>
         <object_component_ref idref="oc-be"/>
      </symbol>
      <symbol id="sm-b5">
         <name>_reset_vector</name>
         <value>0xfffe</value>
         <object_component_ref idref="oc-c1"/>
      </symbol>
      <symbol id="sm-bf">
         <name>_c_int00_noargs_noexit</name>
         <value>0xfabc</value>
         <object_component_ref idref="oc-60"/>
      </symbol>
      <symbol id="sm-d5">
         <name>__TI_decompress_none</name>
         <value>0xfaea</value>
         <object_component_ref idref="oc-2e"/>
      </symbol>
      <symbol id="sm-f7">
         <name>__TI_decompress_rle24</name>
         <value>0xfb2c</value>
         <object_component_ref idref="oc-34"/>
      </symbol>
      <symbol id="sm-106">
         <name>__mspabi_func_epilog_2</name>
         <value>0xfb18</value>
         <object_component_ref idref="oc-13d"/>
      </symbol>
      <symbol id="sm-107">
         <name>__mspabi_func_epilog_3</name>
         <value>0xfb16</value>
         <object_component_ref idref="oc-13d"/>
      </symbol>
      <symbol id="sm-108">
         <name>__mspabi_func_epilog_1</name>
         <value>0xfb1a</value>
         <object_component_ref idref="oc-13d"/>
      </symbol>
      <symbol id="sm-109">
         <name>__mspabi_func_epilog_6</name>
         <value>0xfb10</value>
         <object_component_ref idref="oc-13d"/>
      </symbol>
      <symbol id="sm-10a">
         <name>__mspabi_func_epilog_7</name>
         <value>0xfb0e</value>
         <object_component_ref idref="oc-13d"/>
      </symbol>
      <symbol id="sm-10b">
         <name>__mspabi_func_epilog_4</name>
         <value>0xfb14</value>
         <object_component_ref idref="oc-13d"/>
      </symbol>
      <symbol id="sm-10c">
         <name>__mspabi_func_epilog_5</name>
         <value>0xfb12</value>
         <object_component_ref idref="oc-13d"/>
      </symbol>
      <symbol id="sm-116">
         <name>C$$EXIT</name>
         <value>0xfb26</value>
         <object_component_ref idref="oc-11c"/>
      </symbol>
      <symbol id="sm-117">
         <name>abort</name>
         <value>0xfb26</value>
         <object_component_ref idref="oc-11c"/>
      </symbol>
      <symbol id="sm-11b">
         <name>__TI_int02</name>
         <value>0xffe4</value>
         <object_component_ref idref="oc-3a"/>
      </symbol>
      <symbol id="sm-11e">
         <name>__TI_int03</name>
         <value>0xffe6</value>
         <object_component_ref idref="oc-3b"/>
      </symbol>
      <symbol id="sm-121">
         <name>__TI_int04</name>
         <value>0xffe8</value>
         <object_component_ref idref="oc-3c"/>
      </symbol>
      <symbol id="sm-124">
         <name>__TI_int08</name>
         <value>0xfff0</value>
         <object_component_ref idref="oc-3e"/>
      </symbol>
      <symbol id="sm-127">
         <name>__TI_int09</name>
         <value>0xfff2</value>
         <object_component_ref idref="oc-3f"/>
      </symbol>
      <symbol id="sm-12a">
         <name>__TI_int14</name>
         <value>0xfffc</value>
         <object_component_ref idref="oc-41"/>
      </symbol>
      <symbol id="sm-132">
         <name>__TI_ISR_TRAP</name>
         <value>0xfb1e</value>
         <object_component_ref idref="oc-dc"/>
      </symbol>
      <symbol id="sm-140">
         <name>memcpy</name>
         <value>0xfafc</value>
         <object_component_ref idref="oc-c2"/>
      </symbol>
      <symbol id="sm-14a">
         <name>_system_pre_init</name>
         <value>0xfb32</value>
         <object_component_ref idref="oc-f4"/>
      </symbol>
      <symbol id="sm-168">
         <name>_auto_init</name>
         <value>0xf92a</value>
         <object_component_ref idref="oc-fa"/>
      </symbol>
      <symbol id="sm-17e">
         <name>copy_in</name>
         <value>0xfa62</value>
         <object_component_ref idref="oc-14e"/>
      </symbol>
      <symbol id="sm-188">
         <name>__mspabi_mpyi_sw</name>
         <value>0xfad6</value>
         <object_component_ref idref="oc-177"/>
      </symbol>
      <symbol id="sm-189">
         <name>__mspabi_mpyi</name>
         <value>0xfad6</value>
         <object_component_ref idref="oc-177"/>
      </symbol>
      <symbol id="sm-192">
         <name>_system_post_cinit</name>
         <value>0xfb36</value>
         <object_component_ref idref="oc-154"/>
      </symbol>
      <symbol id="sm-194">
         <name>__TI_BINIT_Base</name>
         <value>0x0</value>
      </symbol>
      <symbol id="sm-195">
         <name>__TI_BINIT_Limit</name>
         <value>0x0</value>
      </symbol>
      <symbol id="sm-196">
         <name>__TI_INITARRAY_Base</name>
         <value>0x0</value>
      </symbol>
      <symbol id="sm-197">
         <name>__TI_INITARRAY_Limit</name>
         <value>0x0</value>
      </symbol>
   </symbol_table>
   <title>Link successful</title>
</link_info>
